// Jest Snapshot v1, https://goo.gl/fbAQLP

exports[`Render ShowMoreButton with 1 shown movie Should GenresList render correctly 1`] = `
<div
  className="catalog__more"
>
  <button
    className="catalog__button"
    onClick={[Function]}
    type="button"
  >
    Show more
  </button>
</div>
`;

exports[`Render ShowMoreButton with 2 shown movies Should GenresList render correctly 1`] = `
<div
  className="catalog__more"
/>
`;
